// Jest Snapshot v1, https://goo.gl/fbAQLP

exports[`ListProducts renders 1`] = `
<div>
  <a
    class="card"
    data-testid="link"
    to="[object Object]"
  >
    <div
      class="products_card"
    >
      <img
        alt="good_quality_picture,good_quality_thumbnail,extended_warranty_eligible,immediate_payment,cart_eligible"
        class="img"
        src="http://http2.mlstatic.com/D_674706-MLA40690247901_022020-I.jpg"
      />
    </div>
    <div>
      <p
        class="price_shipping"
      >
        <span>
          $ 35,650
        </span>
      </p>
      <span
        class="title_item"
      >
        E-reader  Kindle Paperwhite 10 Gen 8gb Azul Con Pantalla De 6  300ppp
      </span>
    </div>
    <div
      class="address"
    >
      <span>
        Capital Federal
      </span>
    </div>
  </a>
</div>
`;
